I'm sorry, but errors were detected in your script. Please correct the
errors listed below, and try again.


File "game/script.rpy", line 67: menu statement expects a non-empty block.
    menu:
        ^

File "game/script.rpy", line 69: expected statement.
    "si":
        ^

File "game/script.rpy", line 71: expected statement.
    "no":
        ^

Ren'Py Version: Ren'Py 6.99.8.959
